reg__2: 
reg__57: 
reg__27: 
logic__103: 
reg__58: 
logic__66: 
logic__19: 
reg__31: 
logic__65: 
case__30: 
reg__23: 
case__22: 
logic__124: 
case__15: 
reg__25: 
reg__44: 
logic__57: 
encode__parameterized1: 
logic__13: 
datapath: 
logic__86: 
logic__9: 
datapath__8: 
datapath__7: 
hdmi_tx_0: 
logic__92: 
reg__41: 
datapath__14: 
logic: 
reg__38: 
datapath__15: 
case__19: 
logic__78: 
datapath__21: 
reg__56: 
logic__12: 
reg__5: 
reg__35: 
encode: 
reg__49: 
case__5: 
logic__69: 
reg__9: 
reg__47: 
reg__54: 
logic__67: 
logic__115: 
reg__42: 
reg__12: 
logic__134: 
reg__50: 
reg__59: 
reg__32: 
reg__48: 
logic__62: 
logic__123: 
reg__16: 
datapath__20: 
case__20: 
logic__116: 
logic__129: 
logic__35: 
case__29: 
logic__85: 
logic__8: 
reg__40: 
case__28: 
case__24: 
datapath__18: 
reg__52: 
case__26: 
reg__11: 
logic__79: 
case: 
logic__17: 
logic__135: 
logic__5: 
logic__18: 
datapath__2: 
logic__15: 
logic__20: 
srldelay: 
datapath__11: 
logic__51: 
logic__14: 
reg__4: 
logic__114: 
case__25: 
case__4: 
case__7: 
reg__22: 
case__34: 
serdes_10_to_1: 
reg__6: 
datapath__22: 
case__18: 
case__33: 
logic__152: 
logic__16: 
datapath__1: 
reg__19: 
case__32: 
reg__33: 
reg__46: 
logic__47: 
reg__18: 
datapath__16: 
encode__parameterized0: 
logic__56: 
logic__68: 
logic__75: 
logic__128: 
logic__23: 
datapath__23: 
logic__119: 
case__23: 
logic__111: 
reg__20: 
case__6: 
case__21: 
case__27: 
reg__24: 
logic__21: 
reg__26: 
reg__10: 
logic__28: 
reg__14: 
case__16: 
logic__11: 
case__11: 
datapath__10: 
case__12: 
reg__15: 
datapath__12: 
logic__71: 
logic__22: 
reg__1: 
logic__76: 
datapath__5: 
case__2: 
logic__46: 
muxpart__2: 
muxpart__4: 
reg__8: 
case__3: 
logic__73: 
datapath__19: 
logic__122: 
reg__13: 
case__13: 
case__9: 
logic__125: 
reg__29: 
case__8: 
logic__74: 
case__17: 
case__14: 
datapath__6: 
reg__7: 
datapath__9: 
datapath__24: 
reg__34: 
logic__118: 
datapath__3: 
logic__120: 
reg__3: 
reg__43: 
reg__21: 
logic__117: 
datapath__26: 
logic__155: 
reg__45: 
logic__126: 
datapath__25: 
reg__36: 
hdmi_tx_v1_0: 
muxpart__1: 
reg__30: 
logic__77: 
datapath__4: 
logic__141: 
logic__121: 
logic__106: 
reg__17: 
reg__37: 
logic__70: 
reg__28: 
datapath__13: 
reg__53: 
reg__39: 
reg__55: 
muxpart: 
case__31: 
reg__51: 
logic__10: 
datapath__17: 
logic__29: 
case__1: 
case__10: 
muxpart__3: 
logic__127: 
reg: 
logic__72: 
logic__80: 
